2026-07-21 00:50:54,074 INFO  hooks.Hooks - ========== Test Execution Started ==========
2026-07-21 00:50:54,090 INFO  hooks.Hooks - Browser : chrome
2026-07-21 00:50:54,090 INFO  hooks.Hooks - Application URL : https://opensource-demo.orangehrmlive.com/
2026-07-21 00:51:05,390 INFO  hooks.Hooks - Browser launched successfully
2026-07-21 00:51:05,562 INFO  hooks.Hooks - ------------------------------------
2026-07-21 00:51:05,562 INFO  hooks.Hooks - Scenario Started : Successful Login using Excel
2026-07-21 00:51:05,562 INFO  hooks.Hooks - ------------------------------------
2026-07-21 00:51:06,741 ERROR hooks.Hooks - Scenario Failed : Successful Login using Excel
2026-07-21 00:51:06,760 INFO  hooks.Hooks - ------------------------------------
2026-07-21 00:51:06,760 ERROR hooks.Hooks - Scenario Status : FAILED
2026-07-21 00:51:06,882 INFO  hooks.Hooks - Browser closed successfully
2026-07-21 00:51:06,882 INFO  hooks.Hooks - ========== Test Execution Completed ==========
2026-07-21 00:51:58,473 INFO  hooks.Hooks - ========== Test Execution Started ==========
2026-07-21 00:51:58,484 INFO  hooks.Hooks - Browser : chrome
2026-07-21 00:51:58,484 INFO  hooks.Hooks - Application URL : https://opensource-demo.orangehrmlive.com/
2026-07-21 00:52:05,085 INFO  hooks.Hooks - Browser launched successfully
2026-07-21 00:52:05,188 INFO  hooks.Hooks - ------------------------------------
2026-07-21 00:52:05,188 INFO  hooks.Hooks - Scenario Started : Successful Login using Excel
2026-07-21 00:52:05,188 INFO  hooks.Hooks - ------------------------------------
2026-07-21 00:52:06,468 ERROR hooks.Hooks - Scenario Failed : Successful Login using Excel
2026-07-21 00:52:06,615 INFO  hooks.Hooks - Screenshot captured successfully
2026-07-21 00:52:06,618 INFO  hooks.Hooks - ------------------------------------
2026-07-21 00:52:06,618 ERROR hooks.Hooks - Scenario Status : FAILED
2026-07-21 00:52:06,889 INFO  hooks.Hooks - Browser closed successfully
2026-07-21 00:52:06,889 INFO  hooks.Hooks - ========== Test Execution Completed ==========
2026-07-21 00:53:07,615 INFO  hooks.Hooks - ========== Test Execution Started ==========
2026-07-21 00:53:07,620 INFO  hooks.Hooks - Browser : firefox
2026-07-21 00:53:07,620 INFO  hooks.Hooks - Application URL : https://opensource-demo.orangehrmlive.com/
2026-07-21 00:53:24,376 INFO  hooks.Hooks - Browser launched successfully
2026-07-21 00:53:24,564 INFO  hooks.Hooks - ------------------------------------
2026-07-21 00:53:24,564 INFO  hooks.Hooks - Scenario Started : Successful Login using Excel
2026-07-21 00:53:24,564 INFO  hooks.Hooks - ------------------------------------
2026-07-21 00:53:26,839 ERROR hooks.Hooks - Scenario Failed : Successful Login using Excel
2026-07-21 00:53:27,039 INFO  hooks.Hooks - Screenshot captured successfully
2026-07-21 00:53:27,049 INFO  hooks.Hooks - ------------------------------------
2026-07-21 00:53:27,049 ERROR hooks.Hooks - Scenario Status : FAILED
2026-07-21 00:53:28,928 INFO  hooks.Hooks - Browser closed successfully
2026-07-21 00:53:28,928 INFO  hooks.Hooks - ========== Test Execution Completed ==========
2026-07-21 00:54:12,250 INFO  hooks.Hooks - ========== Test Execution Started ==========
2026-07-21 00:54:12,250 INFO  hooks.Hooks - Browser : firefox
2026-07-21 00:54:12,250 INFO  hooks.Hooks - Application URL : https://opensource-demo.orangehrmlive.com/
2026-07-21 00:55:51,314 INFO  hooks.Hooks - Browser launched successfully
2026-07-21 00:55:51,476 INFO  hooks.Hooks - ------------------------------------
2026-07-21 00:55:51,476 INFO  hooks.Hooks - Scenario Started : Successful Login using Excel
2026-07-21 00:55:51,476 INFO  hooks.Hooks - ------------------------------------
2026-07-21 00:55:52,505 ERROR hooks.Hooks - Scenario Failed : Successful Login using Excel
2026-07-21 00:55:52,552 INFO  hooks.Hooks - Screenshot captured successfully
2026-07-21 00:55:52,552 INFO  hooks.Hooks - ------------------------------------
2026-07-21 00:55:52,552 ERROR hooks.Hooks - Scenario Status : FAILED
2026-07-21 00:55:53,552 INFO  hooks.Hooks - Browser closed successfully
2026-07-21 00:55:53,552 INFO  hooks.Hooks - ========== Test Execution Completed ==========
2026-07-21 01:00:06,180 INFO  hooks.Hooks - ========== Test Execution Started ==========
2026-07-21 01:00:06,196 INFO  hooks.Hooks - Browser : chrome
2026-07-21 01:00:06,196 INFO  hooks.Hooks - Application URL : https://opensource-demo.orangehrmlive.com/
2026-07-21 01:00:12,175 INFO  hooks.Hooks - Browser launched successfully
2026-07-21 01:00:12,452 INFO  hooks.Hooks - ------------------------------------
2026-07-21 01:00:12,453 INFO  hooks.Hooks - Scenario Started : Successful Login using Excel
2026-07-21 01:00:12,453 INFO  hooks.Hooks - ------------------------------------
2026-07-21 01:00:14,597 ERROR hooks.Hooks - Scenario Failed : Successful Login using Excel
2026-07-21 01:00:14,858 INFO  hooks.Hooks - Screenshot captured successfully
2026-07-21 01:00:14,858 INFO  hooks.Hooks - ------------------------------------
2026-07-21 01:00:14,874 ERROR hooks.Hooks - Scenario Status : FAILED
2026-07-21 01:00:15,244 INFO  hooks.Hooks - Browser closed successfully
2026-07-21 01:00:15,245 INFO  hooks.Hooks - ========== Test Execution Completed ==========
2026-07-21 06:51:01,540 INFO  hooks.Hooks - ========== Test Execution Started ==========
2026-07-21 06:51:01,546 INFO  hooks.Hooks - Browser : chrome
2026-07-21 06:51:01,546 INFO  hooks.Hooks - Application URL : https://opensource-demo.orangehrmlive.com/
2026-07-21 06:51:01,536 INFO  hooks.Hooks - ========== Test Execution Started ==========
2026-07-21 06:51:01,536 INFO  hooks.Hooks - ========== Test Execution Started ==========
2026-07-21 06:51:01,547 INFO  hooks.Hooks - Browser : chrome
2026-07-21 06:51:01,547 INFO  hooks.Hooks - Application URL : https://opensource-demo.orangehrmlive.com/
2026-07-21 06:51:01,547 INFO  hooks.Hooks - Browser : chrome
2026-07-21 06:51:01,547 INFO  hooks.Hooks - Application URL : https://opensource-demo.orangehrmlive.com/
2026-07-21 06:51:12,798 INFO  hooks.Hooks - Browser launched successfully
2026-07-21 06:51:13,013 INFO  hooks.Hooks - ------------------------------------
2026-07-21 06:51:13,014 INFO  hooks.Hooks - Scenario Started : Successful Login using Excel
2026-07-21 06:51:13,014 INFO  hooks.Hooks - ------------------------------------
2026-07-21 06:51:14,995 ERROR hooks.Hooks - Scenario Failed : Successful Login using Excel
2026-07-21 06:51:15,213 INFO  hooks.Hooks - Screenshot captured successfully
2026-07-21 06:51:15,234 INFO  hooks.Hooks - ------------------------------------
2026-07-21 06:51:15,235 ERROR hooks.Hooks - Scenario Status : FAILED
2026-07-21 06:51:16,217 INFO  hooks.Hooks - Browser launched successfully
2026-07-21 06:51:16,220 INFO  hooks.Hooks - ------------------------------------
2026-07-21 06:51:16,221 INFO  hooks.Hooks - Scenario Started : Valid Login Test
2026-07-21 06:51:16,221 INFO  hooks.Hooks - ------------------------------------
2026-07-21 06:51:16,228 INFO  hooks.Hooks - ------------------------------------
2026-07-21 06:51:16,228 INFO  hooks.Hooks - Scenario Status : PASSED
2026-07-21 06:51:16,808 INFO  hooks.Hooks - Browser closed successfully
2026-07-21 06:51:16,808 INFO  hooks.Hooks - ========== Test Execution Completed ==========
2026-07-21 06:51:16,893 INFO  hooks.Hooks - Browser closed successfully
2026-07-21 06:51:16,893 INFO  hooks.Hooks - ========== Test Execution Completed ==========
2026-07-21 06:52:42,743 INFO  hooks.Hooks - Browser launched successfully
2026-07-21 06:52:42,757 INFO  hooks.Hooks - ------------------------------------
2026-07-21 06:52:42,757 INFO  hooks.Hooks - Scenario Started : Another Valid Login Test
2026-07-21 06:52:42,757 INFO  hooks.Hooks - ------------------------------------
2026-07-21 06:52:42,788 INFO  hooks.Hooks - ------------------------------------
2026-07-21 06:52:42,788 INFO  hooks.Hooks - Scenario Status : PASSED
2026-07-21 06:52:43,363 INFO  hooks.Hooks - Browser closed successfully
2026-07-21 06:52:43,363 INFO  hooks.Hooks - ========== Test Execution Completed ==========
2026-07-21 06:59:08,033 INFO  hooks.Hooks - ========== Test Execution Started ==========
2026-07-21 06:59:08,041 INFO  hooks.Hooks - Browser : chrome
2026-07-21 06:59:08,041 INFO  hooks.Hooks - Application URL : https://opensource-demo.orangehrmlive.com/
2026-07-21 06:59:08,036 INFO  hooks.Hooks - ========== Test Execution Started ==========
2026-07-21 06:59:08,033 INFO  hooks.Hooks - ========== Test Execution Started ==========
2026-07-21 06:59:08,043 INFO  hooks.Hooks - Browser : chrome
2026-07-21 06:59:08,045 INFO  hooks.Hooks - Application URL : https://opensource-demo.orangehrmlive.com/
2026-07-21 06:59:08,045 INFO  hooks.Hooks - Browser : chrome
2026-07-21 06:59:08,045 INFO  hooks.Hooks - Application URL : https://opensource-demo.orangehrmlive.com/
2026-07-21 06:59:18,490 INFO  hooks.Hooks - Browser launched successfully
2026-07-21 06:59:18,516 INFO  hooks.Hooks - Browser launched successfully
2026-07-21 06:59:18,663 INFO  hooks.Hooks - ------------------------------------
2026-07-21 06:59:18,663 INFO  hooks.Hooks - Scenario Started : Another Valid Login Test
2026-07-21 06:59:18,663 INFO  hooks.Hooks - ------------------------------------
2026-07-21 06:59:18,697 INFO  hooks.Hooks - ------------------------------------
2026-07-21 06:59:18,698 INFO  hooks.Hooks - Scenario Started : Valid Login Test
2026-07-21 06:59:18,698 INFO  hooks.Hooks - ------------------------------------
2026-07-21 06:59:18,704 INFO  hooks.Hooks - ------------------------------------
2026-07-21 06:59:18,705 INFO  hooks.Hooks - Scenario Status : PASSED
2026-07-21 06:59:18,719 INFO  hooks.Hooks - ------------------------------------
2026-07-21 06:59:18,719 INFO  hooks.Hooks - Scenario Status : PASSED
2026-07-21 06:59:19,373 INFO  hooks.Hooks - Browser closed successfully
2026-07-21 06:59:19,373 INFO  hooks.Hooks - ========== Test Execution Completed ==========
2026-07-21 06:59:19,430 INFO  hooks.Hooks - Browser closed successfully
2026-07-21 06:59:19,430 INFO  hooks.Hooks - ========== Test Execution Completed ==========
2026-07-21 07:00:46,497 INFO  hooks.Hooks - Browser launched successfully
2026-07-21 07:00:46,505 INFO  hooks.Hooks - ------------------------------------
2026-07-21 07:00:46,505 INFO  hooks.Hooks - Scenario Started : Successful Login using Excel
2026-07-21 07:00:46,505 INFO  hooks.Hooks - ------------------------------------
2026-07-21 07:00:47,752 ERROR hooks.Hooks - Scenario Failed : Successful Login using Excel
2026-07-21 07:00:47,887 INFO  hooks.Hooks - Screenshot captured successfully
2026-07-21 07:00:47,893 INFO  hooks.Hooks - ------------------------------------
2026-07-21 07:00:47,894 ERROR hooks.Hooks - Scenario Status : FAILED
2026-07-21 07:00:48,158 INFO  hooks.Hooks - Browser closed successfully
2026-07-21 07:00:48,158 INFO  hooks.Hooks - ========== Test Execution Completed ==========
2026-07-21 07:05:07,403 INFO  hooks.Hooks - ========== Test Execution Started ==========
2026-07-21 07:05:07,399 INFO  hooks.Hooks - ========== Test Execution Started ==========
2026-07-21 07:05:07,399 INFO  hooks.Hooks - ========== Test Execution Started ==========
2026-07-21 07:05:07,409 INFO  hooks.Hooks - Browser : chrome
2026-07-21 07:05:07,410 INFO  hooks.Hooks - Application URL : https://opensource-demo.orangehrmlive.com/
2026-07-21 07:05:07,410 INFO  hooks.Hooks - Browser : chrome
2026-07-21 07:05:07,411 INFO  hooks.Hooks - Application URL : https://opensource-demo.orangehrmlive.com/
2026-07-21 07:05:07,411 INFO  hooks.Hooks - Browser : chrome
2026-07-21 07:05:07,412 INFO  hooks.Hooks - Application URL : https://opensource-demo.orangehrmlive.com/
2026-07-21 07:05:14,185 INFO  hooks.Hooks - Browser launched successfully
2026-07-21 07:05:14,407 INFO  hooks.Hooks - ------------------------------------
2026-07-21 07:05:14,408 INFO  hooks.Hooks - Scenario Started : Successful Login using Excel
2026-07-21 07:05:14,408 INFO  hooks.Hooks - ------------------------------------
2026-07-21 07:05:16,448 ERROR hooks.Hooks - Scenario Failed : Successful Login using Excel
2026-07-21 07:05:16,772 INFO  hooks.Hooks - Browser launched successfully
2026-07-21 07:05:16,775 INFO  hooks.Hooks - ------------------------------------
2026-07-21 07:05:16,775 INFO  hooks.Hooks - Scenario Started : For Invalid username Login Test
2026-07-21 07:05:16,778 INFO  hooks.Hooks - ------------------------------------
2026-07-21 07:05:16,878 ERROR hooks.Hooks - Scenario Failed : For Invalid username Login Test
2026-07-21 07:05:17,045 INFO  hooks.Hooks - Screenshot captured successfully
2026-07-21 07:05:17,050 INFO  hooks.Hooks - ------------------------------------
2026-07-21 07:05:17,051 ERROR hooks.Hooks - Scenario Status : FAILED
2026-07-21 07:05:17,147 INFO  hooks.Hooks - Browser launched successfully
2026-07-21 07:05:17,152 INFO  hooks.Hooks - ------------------------------------
2026-07-21 07:05:17,153 INFO  hooks.Hooks - Scenario Started : For invalid password Login Test
2026-07-21 07:05:17,153 INFO  hooks.Hooks - ------------------------------------
2026-07-21 07:05:17,412 ERROR hooks.Hooks - Scenario Failed : For invalid password Login Test
2026-07-21 07:05:17,516 INFO  hooks.Hooks - Screenshot captured successfully
2026-07-21 07:05:17,520 INFO  hooks.Hooks - ------------------------------------
2026-07-21 07:05:17,520 ERROR hooks.Hooks - Scenario Status : FAILED
2026-07-21 07:05:18,975 INFO  hooks.Hooks - Browser closed successfully
2026-07-21 07:05:18,975 INFO  hooks.Hooks - ========== Test Execution Completed ==========
2026-07-21 07:05:19,227 INFO  hooks.Hooks - Browser closed successfully
2026-07-21 07:05:19,228 INFO  hooks.Hooks - ========== Test Execution Completed ==========
2026-07-21 07:05:20,820 INFO  hooks.Hooks - Screenshot captured successfully
2026-07-21 07:05:20,820 INFO  hooks.Hooks - ------------------------------------
2026-07-21 07:05:20,820 ERROR hooks.Hooks - Scenario Status : FAILED
2026-07-21 07:05:21,096 INFO  hooks.Hooks - Browser closed successfully
2026-07-21 07:05:21,096 INFO  hooks.Hooks - ========== Test Execution Completed ==========
2026-07-21 07:08:12,534 INFO  hooks.Hooks - ========== Test Execution Started ==========
2026-07-21 07:08:12,536 INFO  hooks.Hooks - ========== Test Execution Started ==========
2026-07-21 07:08:12,543 INFO  hooks.Hooks - Browser : chrome
2026-07-21 07:08:12,534 INFO  hooks.Hooks - ========== Test Execution Started ==========
2026-07-21 07:08:12,543 INFO  hooks.Hooks - Application URL : https://opensource-demo.orangehrmlive.com/
2026-07-21 07:08:12,543 INFO  hooks.Hooks - Browser : chrome
2026-07-21 07:08:12,544 INFO  hooks.Hooks - Application URL : https://opensource-demo.orangehrmlive.com/
2026-07-21 07:08:12,544 INFO  hooks.Hooks - Browser : chrome
2026-07-21 07:08:12,545 INFO  hooks.Hooks - Application URL : https://opensource-demo.orangehrmlive.com/
2026-07-21 07:08:18,332 INFO  hooks.Hooks - Browser launched successfully
2026-07-21 07:08:18,739 INFO  hooks.Hooks - ------------------------------------
2026-07-21 07:08:18,742 INFO  hooks.Hooks - Scenario Started : For Invalid username Login Test
2026-07-21 07:08:18,743 INFO  hooks.Hooks - ------------------------------------
2026-07-21 07:08:21,651 INFO  hooks.Hooks - Browser launched successfully
2026-07-21 07:08:21,697 INFO  hooks.Hooks - ------------------------------------
2026-07-21 07:08:21,697 INFO  hooks.Hooks - Scenario Started : Successful Login using Excel
2026-07-21 07:08:21,698 INFO  hooks.Hooks - ------------------------------------
2026-07-21 07:08:22,144 ERROR hooks.Hooks - Scenario Failed : For Invalid username Login Test
2026-07-21 07:08:22,242 ERROR hooks.Hooks - Scenario Failed : Successful Login using Excel
2026-07-21 07:08:22,956 INFO  hooks.Hooks - Screenshot captured successfully
2026-07-21 07:08:22,961 INFO  hooks.Hooks - ------------------------------------
2026-07-21 07:08:22,962 ERROR hooks.Hooks - Scenario Status : FAILED
2026-07-21 07:08:23,721 INFO  hooks.Hooks - Screenshot captured successfully
2026-07-21 07:08:23,726 INFO  hooks.Hooks - ------------------------------------
2026-07-21 07:08:23,726 ERROR hooks.Hooks - Scenario Status : FAILED
2026-07-21 07:08:23,977 INFO  hooks.Hooks - Browser launched successfully
2026-07-21 07:08:23,991 INFO  hooks.Hooks - ------------------------------------
2026-07-21 07:08:23,991 INFO  hooks.Hooks - Scenario Started : For invalid password Login Test
2026-07-21 07:08:23,992 INFO  hooks.Hooks - ------------------------------------
2026-07-21 07:08:24,252 ERROR hooks.Hooks - Scenario Failed : For invalid password Login Test
2026-07-21 07:08:24,413 INFO  hooks.Hooks - Screenshot captured successfully
2026-07-21 07:08:24,416 INFO  hooks.Hooks - ------------------------------------
2026-07-21 07:08:24,417 ERROR hooks.Hooks - Scenario Status : FAILED
2026-07-21 07:08:25,509 INFO  hooks.Hooks - Browser closed successfully
2026-07-21 07:08:25,509 INFO  hooks.Hooks - ========== Test Execution Completed ==========
2026-07-21 07:08:25,696 INFO  hooks.Hooks - Browser closed successfully
2026-07-21 07:08:25,696 INFO  hooks.Hooks - ========== Test Execution Completed ==========
2026-07-21 07:08:25,938 INFO  hooks.Hooks - Browser closed successfully
2026-07-21 07:08:25,939 INFO  hooks.Hooks - ========== Test Execution Completed ==========
2026-07-21 07:20:57,844 INFO  hooks.Hooks - ========== Test Execution Started ==========
2026-07-21 07:20:57,844 INFO  hooks.Hooks - ========== Test Execution Started ==========
2026-07-21 07:20:57,851 INFO  hooks.Hooks - ========== Test Execution Started ==========
2026-07-21 07:20:57,859 INFO  hooks.Hooks - Browser : chrome
2026-07-21 07:20:57,859 INFO  hooks.Hooks - Browser : chrome
2026-07-21 07:20:57,861 INFO  hooks.Hooks - Application URL : https://opensource-demo.orangehrmlive.com/
2026-07-21 07:20:57,861 INFO  hooks.Hooks - Application URL : https://opensource-demo.orangehrmlive.com/
2026-07-21 07:20:57,862 INFO  hooks.Hooks - Browser : chrome
2026-07-21 07:20:57,862 INFO  hooks.Hooks - Application URL : https://opensource-demo.orangehrmlive.com/
2026-07-21 07:21:03,930 INFO  hooks.Hooks - Browser launched successfully
2026-07-21 07:21:04,197 INFO  hooks.Hooks - ------------------------------------
2026-07-21 07:21:04,197 INFO  hooks.Hooks - Scenario Started : Successful Login using Excel
2026-07-21 07:21:04,197 INFO  hooks.Hooks - ------------------------------------
2026-07-21 07:21:08,555 INFO  hooks.Hooks - Browser launched successfully
2026-07-21 07:21:08,558 INFO  hooks.Hooks - ------------------------------------
2026-07-21 07:21:08,558 INFO  hooks.Hooks - Scenario Started : For Invalid username Login Test
2026-07-21 07:21:08,559 INFO  hooks.Hooks - ------------------------------------
2026-07-21 07:21:09,159 INFO  hooks.Hooks - Browser launched successfully
2026-07-21 07:21:09,167 INFO  hooks.Hooks - ------------------------------------
2026-07-21 07:21:09,167 INFO  hooks.Hooks - Scenario Started : For invalid password Login Test
2026-07-21 07:21:09,167 INFO  hooks.Hooks - ------------------------------------
2026-07-21 07:21:20,946 ERROR hooks.Hooks - Scenario Failed : For invalid password Login Test
2026-07-21 07:21:21,169 INFO  hooks.Hooks - Screenshot captured successfully
2026-07-21 07:21:21,191 INFO  hooks.Hooks - ------------------------------------
2026-07-21 07:21:21,192 ERROR hooks.Hooks - Scenario Status : FAILED
2026-07-21 07:21:22,289 ERROR hooks.Hooks - Scenario Failed : For Invalid username Login Test
2026-07-21 07:21:22,500 INFO  hooks.Hooks - Screenshot captured successfully
2026-07-21 07:21:22,507 INFO  hooks.Hooks - ------------------------------------
2026-07-21 07:21:22,508 ERROR hooks.Hooks - Scenario Status : FAILED
2026-07-21 07:21:23,155 INFO  hooks.Hooks - Browser closed successfully
2026-07-21 07:21:23,155 INFO  hooks.Hooks - ========== Test Execution Completed ==========
2026-07-21 07:21:23,353 INFO  hooks.Hooks - Browser closed successfully
2026-07-21 07:21:23,353 INFO  hooks.Hooks - ========== Test Execution Completed ==========
2026-07-21 07:22:50,182 INFO  hooks.Hooks - ------------------------------------
2026-07-21 07:22:50,182 INFO  hooks.Hooks - Scenario Status : PASSED
2026-07-21 07:22:50,696 INFO  hooks.Hooks - Browser closed successfully
2026-07-21 07:22:50,696 INFO  hooks.Hooks - ========== Test Execution Completed ==========
2026-07-21 07:25:01,790 INFO  hooks.Hooks - ========== Test Execution Started ==========
2026-07-21 07:25:01,790 INFO  hooks.Hooks - ========== Test Execution Started ==========
2026-07-21 07:25:01,801 INFO  hooks.Hooks - Browser : chrome
2026-07-21 07:25:01,802 INFO  hooks.Hooks - Application URL : https://opensource-demo.orangehrmlive.com/
2026-07-21 07:25:01,802 INFO  hooks.Hooks - Browser : chrome
2026-07-21 07:25:01,803 INFO  hooks.Hooks - Application URL : https://opensource-demo.orangehrmlive.com/
2026-07-21 07:25:01,794 INFO  hooks.Hooks - ========== Test Execution Started ==========
2026-07-21 07:25:01,804 INFO  hooks.Hooks - Browser : chrome
2026-07-21 07:25:01,805 INFO  hooks.Hooks - Application URL : https://opensource-demo.orangehrmlive.com/
2026-07-21 07:25:08,678 INFO  hooks.Hooks - Browser launched successfully
2026-07-21 07:25:08,983 INFO  hooks.Hooks - ------------------------------------
2026-07-21 07:25:08,984 INFO  hooks.Hooks - Scenario Started : For Invalid username Login Test
2026-07-21 07:25:08,984 INFO  hooks.Hooks - ------------------------------------
2026-07-21 07:25:11,155 INFO  hooks.Hooks - Browser launched successfully
2026-07-21 07:25:11,155 INFO  hooks.Hooks - ------------------------------------
2026-07-21 07:25:11,155 INFO  hooks.Hooks - Scenario Started : For invalid password Login Test
2026-07-21 07:25:11,155 INFO  hooks.Hooks - ------------------------------------
2026-07-21 07:25:15,687 INFO  hooks.Hooks - ------------------------------------
2026-07-21 07:25:15,687 INFO  hooks.Hooks - Scenario Status : PASSED
2026-07-21 07:25:16,199 INFO  hooks.Hooks - ------------------------------------
2026-07-21 07:25:16,200 INFO  hooks.Hooks - Scenario Status : PASSED
2026-07-21 07:25:17,120 INFO  hooks.Hooks - Browser closed successfully
2026-07-21 07:25:17,120 INFO  hooks.Hooks - ========== Test Execution Completed ==========
2026-07-21 07:25:17,125 INFO  hooks.Hooks - Browser closed successfully
2026-07-21 07:25:17,126 INFO  hooks.Hooks - ========== Test Execution Completed ==========
2026-07-21 07:26:45,089 INFO  hooks.Hooks - Browser launched successfully
2026-07-21 07:26:45,089 INFO  hooks.Hooks - ------------------------------------
2026-07-21 07:26:45,089 INFO  hooks.Hooks - Scenario Started : Successful Login using Excel
2026-07-21 07:26:45,089 INFO  hooks.Hooks - ------------------------------------
2026-07-21 07:27:03,909 INFO  hooks.Hooks - ------------------------------------
2026-07-21 07:27:03,940 INFO  hooks.Hooks - Scenario Status : PASSED
2026-07-21 07:27:04,389 INFO  hooks.Hooks - Browser closed successfully
2026-07-21 07:27:04,389 INFO  hooks.Hooks - ========== Test Execution Completed ==========
2026-07-21 07:35:24,810 INFO  hooks.Hooks - ========== Test Execution Started ==========
2026-07-21 07:35:24,806 INFO  hooks.Hooks - ========== Test Execution Started ==========
2026-07-21 07:35:24,806 INFO  hooks.Hooks - ========== Test Execution Started ==========
2026-07-21 07:35:24,816 INFO  hooks.Hooks - Browser : chrome
2026-07-21 07:35:24,816 INFO  hooks.Hooks - Application URL : https://opensource-demo.orangehrmlive.com/
2026-07-21 07:35:24,816 INFO  hooks.Hooks - Browser : chrome
2026-07-21 07:35:24,816 INFO  hooks.Hooks - Application URL : https://opensource-demo.orangehrmlive.com/
2026-07-21 07:35:24,824 INFO  hooks.Hooks - Browser : chrome
2026-07-21 07:35:24,824 INFO  hooks.Hooks - Application URL : https://opensource-demo.orangehrmlive.com/
2026-07-21 07:35:30,843 INFO  hooks.Hooks - Browser launched successfully
2026-07-21 07:35:31,045 INFO  hooks.Hooks - ------------------------------------
2026-07-21 07:35:31,046 INFO  hooks.Hooks - Scenario Started : Successful Login using Excel
2026-07-21 07:35:31,046 INFO  hooks.Hooks - ------------------------------------
2026-07-21 07:35:31,074 INFO  hooks.Hooks - ------------------------------------
2026-07-21 07:35:31,074 INFO  hooks.Hooks - Scenario Status : PASSED
2026-07-21 07:35:32,275 INFO  hooks.Hooks - Browser closed successfully
2026-07-21 07:35:32,275 INFO  hooks.Hooks - ========== Test Execution Completed ==========
2026-07-21 07:35:33,650 INFO  hooks.Hooks - Browser launched successfully
2026-07-21 07:35:33,656 INFO  hooks.Hooks - ------------------------------------
2026-07-21 07:35:33,656 INFO  hooks.Hooks - Scenario Started : For Invalid username Login Test
2026-07-21 07:35:33,657 INFO  hooks.Hooks - ------------------------------------
2026-07-21 07:35:33,671 INFO  hooks.Hooks - ------------------------------------
2026-07-21 07:35:33,672 INFO  hooks.Hooks - Scenario Status : PASSED
2026-07-21 07:35:34,055 INFO  hooks.Hooks - Browser closed successfully
2026-07-21 07:35:34,055 INFO  hooks.Hooks - ========== Test Execution Completed ==========
2026-07-21 07:35:34,815 INFO  hooks.Hooks - Browser launched successfully
2026-07-21 07:35:34,818 INFO  hooks.Hooks - ------------------------------------
2026-07-21 07:35:34,818 INFO  hooks.Hooks - Scenario Started : For invalid password Login Test
2026-07-21 07:35:34,818 INFO  hooks.Hooks - ------------------------------------
2026-07-21 07:35:34,852 INFO  hooks.Hooks - ------------------------------------
2026-07-21 07:35:34,852 INFO  hooks.Hooks - Scenario Status : PASSED
2026-07-21 07:35:35,466 INFO  hooks.Hooks - Browser closed successfully
2026-07-21 07:35:35,466 INFO  hooks.Hooks - ========== Test Execution Completed ==========
2026-07-21 07:56:17,097 INFO  hooks.Hooks - ========== Test Execution Started ==========
2026-07-21 07:56:17,097 INFO  hooks.Hooks - ========== Test Execution Started ==========
2026-07-21 07:56:17,104 INFO  hooks.Hooks - ========== Test Execution Started ==========
2026-07-21 07:56:17,111 INFO  hooks.Hooks - Browser : chrome
2026-07-21 07:56:17,111 INFO  hooks.Hooks - Browser : chrome
2026-07-21 07:56:17,111 INFO  hooks.Hooks - Application URL : https://opensource-demo.orangehrmlive.com/
2026-07-21 07:56:17,111 INFO  hooks.Hooks - Application URL : https://opensource-demo.orangehrmlive.com/
2026-07-21 07:56:17,113 INFO  hooks.Hooks - Browser : chrome
2026-07-21 07:56:17,113 INFO  hooks.Hooks - Application URL : https://opensource-demo.orangehrmlive.com/
2026-07-21 07:56:24,759 INFO  hooks.Hooks - Browser launched successfully
2026-07-21 07:56:25,102 INFO  hooks.Hooks - ------------------------------------
2026-07-21 07:56:25,103 INFO  hooks.Hooks - Scenario Started : For Invalid username Login Test
2026-07-21 07:56:25,103 INFO  hooks.Hooks - ------------------------------------
2026-07-21 07:56:28,259 INFO  hooks.Hooks - Browser launched successfully
2026-07-21 07:56:28,264 INFO  hooks.Hooks - ------------------------------------
2026-07-21 07:56:28,264 INFO  hooks.Hooks - Scenario Started : Successful Login using Excel
2026-07-21 07:56:28,264 INFO  hooks.Hooks - ------------------------------------
2026-07-21 07:56:28,730 INFO  hooks.Hooks - Browser launched successfully
2026-07-21 07:56:28,734 INFO  hooks.Hooks - ------------------------------------
2026-07-21 07:56:28,734 INFO  hooks.Hooks - Scenario Started : For invalid password Login Test
2026-07-21 07:56:28,735 INFO  hooks.Hooks - ------------------------------------
2026-07-21 07:56:34,029 INFO  hooks.Hooks - ------------------------------------
2026-07-21 07:56:34,029 INFO  hooks.Hooks - Scenario Status : PASSED
2026-07-21 07:56:34,345 INFO  hooks.Hooks - ------------------------------------
2026-07-21 07:56:34,345 INFO  hooks.Hooks - Scenario Status : PASSED
2026-07-21 07:56:35,212 INFO  hooks.Hooks - Browser closed successfully
2026-07-21 07:56:35,212 INFO  hooks.Hooks - ========== Test Execution Completed ==========
2026-07-21 07:56:35,228 INFO  hooks.Hooks - Browser closed successfully
2026-07-21 07:56:35,229 INFO  hooks.Hooks - ========== Test Execution Completed ==========
2026-07-21 07:56:36,372 INFO  hooks.Hooks - ------------------------------------
2026-07-21 07:56:36,372 INFO  hooks.Hooks - Scenario Status : PASSED
2026-07-21 07:56:36,646 INFO  hooks.Hooks - Browser closed successfully
2026-07-21 07:56:36,646 INFO  hooks.Hooks - ========== Test Execution Completed ==========
2026-07-21 08:19:55,658 INFO  hooks.Hooks - ======================================
2026-07-21 08:19:55,658 INFO  hooks.Hooks - ======================================
2026-07-21 08:19:55,658 INFO  hooks.Hooks - ======================================
2026-07-21 08:19:55,664 INFO  hooks.Hooks - Test Execution Started
2026-07-21 08:19:55,664 INFO  hooks.Hooks - Test Execution Started
2026-07-21 08:19:55,664 INFO  hooks.Hooks - Test Execution Started
2026-07-21 08:19:55,665 INFO  hooks.Hooks - Scenario : For Invalid username Login Test
2026-07-21 08:19:55,665 INFO  hooks.Hooks - Scenario : For invalid password Login Test
2026-07-21 08:19:55,665 INFO  hooks.Hooks - Scenario : Successful Login using Excel
2026-07-21 08:19:55,665 INFO  hooks.Hooks - Thread ID : 30
2026-07-21 08:19:55,665 INFO  hooks.Hooks - Thread ID : 28
2026-07-21 08:19:55,668 INFO  hooks.Hooks - Thread ID : 29
2026-07-21 08:19:55,668 INFO  hooks.Hooks - Browser : chrome
2026-07-21 08:19:55,668 INFO  hooks.Hooks - Browser : chrome
2026-07-21 08:19:55,669 INFO  hooks.Hooks - Browser : chrome
2026-07-21 08:19:55,670 INFO  hooks.Hooks - Application URL : https://opensource-demo.orangehrmlive.com/
2026-07-21 08:19:55,670 INFO  hooks.Hooks - Application URL : https://opensource-demo.orangehrmlive.com/
2026-07-21 08:19:55,670 INFO  hooks.Hooks - Application URL : https://opensource-demo.orangehrmlive.com/
2026-07-21 08:20:05,845 INFO  hooks.Hooks - Browser launched successfully
2026-07-21 08:20:05,857 INFO  hooks.Hooks - ======================================
2026-07-21 08:20:09,761 INFO  hooks.Hooks - Browser launched successfully
2026-07-21 08:20:09,761 INFO  hooks.Hooks - ======================================
2026-07-21 08:20:10,463 INFO  hooks.Hooks - Browser launched successfully
2026-07-21 08:20:10,463 INFO  hooks.Hooks - ======================================
2026-07-21 08:20:14,564 INFO  hooks.Hooks - --------------------------------------
2026-07-21 08:20:14,564 INFO  hooks.Hooks - Scenario Status : PASSED
2026-07-21 08:20:15,287 INFO  hooks.Hooks - --------------------------------------
2026-07-21 08:20:15,287 INFO  hooks.Hooks - Scenario Status : PASSED
2026-07-21 08:20:15,792 INFO  hooks.Hooks - --------------------------------------
2026-07-21 08:20:15,792 INFO  hooks.Hooks - Scenario Status : PASSED
2026-07-21 08:20:17,567 INFO  hooks.Hooks - Browser closed successfully
2026-07-21 08:20:17,567 INFO  hooks.Hooks - Test Execution Completed
2026-07-21 08:20:17,567 INFO  hooks.Hooks - --------------------------------------
2026-07-21 08:20:17,634 INFO  hooks.Hooks - Browser closed successfully
2026-07-21 08:20:17,634 INFO  hooks.Hooks - Test Execution Completed
2026-07-21 08:20:17,634 INFO  hooks.Hooks - --------------------------------------
2026-07-21 08:20:19,132 INFO  hooks.Hooks - Browser closed successfully
2026-07-21 08:20:19,132 INFO  hooks.Hooks - Test Execution Completed
2026-07-21 08:20:19,132 INFO  hooks.Hooks - --------------------------------------
