2026-07-19 12:00:36,279 INFO  hooks.Hooks - Starting Scenario : Successful Login
2026-07-19 12:00:47,482 INFO  hooks.Hooks - Scenario Passed : Successful Login
2026-07-19 13:35:34,194 INFO  hooks.Hooks - Starting Scenario : Successful Login
2026-07-19 13:35:51,936 INFO  hooks.Hooks - Scenario Finished : Successful Login
2026-07-19 14:09:32,617 INFO  hooks.Hooks - Starting Scenario: Successful Login
2026-07-19 14:09:47,693 INFO  hooks.Hooks - Scenario Passed: Successful Login
2026-07-19 14:43:34,490 INFO  hooks.Hooks - ==================================================
2026-07-19 14:43:34,501 INFO  hooks.Hooks - Starting Scenario : Successful Login
2026-07-19 14:43:34,502 INFO  hooks.Hooks - ==================================================
2026-07-19 14:46:22,460 INFO  hooks.Hooks - ==================================================
2026-07-19 14:46:22,473 INFO  hooks.Hooks - Starting Scenario : Successful Login
2026-07-19 14:46:22,474 INFO  hooks.Hooks - ==================================================
2026-07-19 14:52:56,957 INFO  hooks.Hooks - ==================================================
2026-07-19 14:52:56,963 INFO  hooks.Hooks - Starting Scenario : Successful Login
2026-07-19 14:52:56,964 INFO  hooks.Hooks - ==================================================
2026-07-19 15:00:16,002 INFO  hooks.Hooks - ==================================================
2026-07-19 15:00:16,008 INFO  hooks.Hooks - Starting Scenario : Successful Login
2026-07-19 15:00:16,008 INFO  hooks.Hooks - ==================================================
2026-07-19 15:01:48,314 INFO  hooks.Hooks - ==================================================
2026-07-19 15:01:48,314 INFO  hooks.Hooks - Starting Scenario : Successful Login
2026-07-19 15:01:48,314 INFO  hooks.Hooks - ==================================================
2026-07-19 18:08:01,362 INFO  hooks.Hooks - ==================================================
2026-07-19 18:08:01,373 INFO  hooks.Hooks - Starting Scenario : Successful Login
2026-07-19 18:08:01,374 INFO  hooks.Hooks - ==================================================
